// Jest Snapshot v1, https://jestjs.io/docs/snapshot-testing

exports[`cost guard and outputs template snapshot 1`] = `
{
  "Outputs": {
    "ComposeParameterName": {
      "Value": {
        "Ref": "SettingsComposeParameterFE954861",
      },
    },
    "ConnectString": {
      "Description": "In-game Join IP",
      "Value": {
        "Fn::Join": [
          "",
          [
            {
              "Fn::GetAtt": [
                "NetworkEip2FED1B11",
                "PublicIp",
              ],
            },
            ":2456",
          ],
        ],
      },
    },
    "DataVolumeId": {
      "Value": {
        "Ref": "ServerDataVolume3EEC0930",
      },
    },
    "InstanceId": {
      "Value": {
        "Ref": "ServerInstanceE518391B",
      },
    },
    "PanelUrl": {
      "Description": "Control panel for friends",
      "Value": {
        "Fn::GetAtt": [
          "PanelFunctionFunctionUrl8198DAB1",
          "FunctionUrl",
        ],
      },
    },
    "PasswordCommand": {
      "Value": {
        "Fn::Join": [
          "",
          [
            "aws secretsmanager get-secret-value --secret-id ",
            {
              "Ref": "SettingsSecretF2BF6B26",
            },
            " --region us-east-1 --query SecretString --output text",
          ],
        ],
      },
    },
    "PublicIp": {
      "Value": {
        "Fn::GetAtt": [
          "NetworkEip2FED1B11",
          "PublicIp",
        ],
      },
    },
    "SecretArn": {
      "Value": {
        "Ref": "SettingsSecretF2BF6B26",
      },
    },
    "ShellCommand": {
      "Value": {
        "Fn::Join": [
          "",
          [
            "aws ssm start-session --target ",
            {
              "Ref": "ServerInstanceE518391B",
            },
            " --region us-east-1",
          ],
        ],
      },
    },
    "SteamFavoritesString": {
      "Description": "Steam server browser favorites",
      "Value": {
        "Fn::Join": [
          "",
          [
            {
              "Fn::GetAtt": [
                "NetworkEip2FED1B11",
                "PublicIp",
              ],
            },
            ":2457",
          ],
        ],
      },
    },
  },
  "Parameters": {
    "BootstrapVersion": {
      "Default": "/cdk-bootstrap/hnb659fds/version",
      "Description": "Version of the CDK Bootstrap resources in this environment, automatically retrieved from SSM Parameter Store. [cdk:skip]",
      "Type": "AWS::SSM::Parameter::Value<String>",
    },
  },
  "Resources": {
    "BackupsDailySnapshots296ACC82": {
      "Properties": {
        "Description": "Daily snapshots of the Valheim data volume",
        "ExecutionRoleArn": {
          "Fn::GetAtt": [
            "BackupsRoleD4F311A7",
            "Arn",
          ],
        },
        "PolicyDetails": {
          "PolicyType": "EBS_SNAPSHOT_MANAGEMENT",
          "ResourceTypes": [
            "VOLUME",
          ],
          "Schedules": [
            {
              "CopyTags": true,
              "CreateRule": {
                "Interval": 24,
                "IntervalUnit": "HOURS",
                "Times": [
                  "10:00",
                ],
              },
              "Name": "Daily",
              "RetainRule": {
                "Count": 7,
              },
            },
          ],
          "TargetTags": [
            {
              "Key": "Backup",
              "Value": "daily",
            },
          ],
        },
        "State": "ENABLED",
      },
      "Type": "AWS::DLM::LifecyclePolicy",
    },
    "BackupsRoleD4F311A7": {
      "Properties": {
        "AssumeRolePolicyDocument": {
          "Statement": [
            {
              "Action": "sts:AssumeRole",
              "Effect": "Allow",
              "Principal": {
                "Service": "dlm.amazonaws.com",
              },
            },
          ],
          "Version": "2012-10-17",
        },
        "ManagedPolicyArns": [
          {
            "Fn::Join": [
              "",
              [
                "arn:",
                {
                  "Ref": "AWS::Partition",
                },
                ":iam::aws:policy/service-role/AWSDataLifecycleManagerServiceRole",
              ],
            ],
          },
        ],
      },
      "Type": "AWS::IAM::Role",
    },
    "CostGuardMonthlyBudgetB114A638": {
      "Properties": {
        "Budget": {
          "BudgetLimit": {
            "Amount": 115,
            "Unit": "USD",
          },
          "BudgetName": "valheim-server-monthly",
          "BudgetType": "COST",
          "TimeUnit": "MONTHLY",
        },
        "NotificationsWithSubscribers": [
          {
            "Notification": {
              "ComparisonOperator": "GREATER_THAN",
              "NotificationType": "ACTUAL",
              "Threshold": 80,
              "ThresholdType": "PERCENTAGE",
            },
            "Subscribers": [
              {
                "Address": "fayadh56@gmail.com",
                "SubscriptionType": "EMAIL",
              },
            ],
          },
          {
            "Notification": {
              "ComparisonOperator": "GREATER_THAN",
              "NotificationType": "FORECASTED",
              "Threshold": 100,
              "ThresholdType": "PERCENTAGE",
            },
            "Subscribers": [
              {
                "Address": "fayadh56@gmail.com",
                "SubscriptionType": "EMAIL",
              },
            ],
          },
        ],
      },
      "Type": "AWS::Budgets::Budget",
    },
    "NetworkEip2FED1B11": {
      "DeletionPolicy": "Retain",
      "Properties": {
        "Domain": "vpc",
      },
      "Type": "AWS::EC2::EIP",
      "UpdateReplacePolicy": "Retain",
    },
    "NetworkServerSecurityGroupBEF04AAA": {
      "Properties": {
        "GroupDescription": "Valheim server: game and query ports only",
        "SecurityGroupEgress": [
          {
            "CidrIp": "0.0.0.0/0",
            "Description": "Allow all outbound traffic by default",
            "IpProtocol": "-1",
          },
        ],
        "SecurityGroupIngress": [
          {
            "CidrIp": "0.0.0.0/0",
            "Description": "Valheim game and Steam query",
            "FromPort": 2456,
            "IpProtocol": "udp",
            "ToPort": 2457,
          },
        ],
        "VpcId": {
          "Ref": "NetworkVpc7FB7348F",
        },
      },
      "Type": "AWS::EC2::SecurityGroup",
    },
    "NetworkVpc7FB7348F": {
      "Properties": {
        "CidrBlock": "10.0.0.0/24",
        "EnableDnsHostnames": true,
        "EnableDnsSupport": true,
        "InstanceTenancy": "default",
        "Tags": [
          {
            "Key": "Name",
            "Value": "TestStack/Network/Vpc",
          },
        ],
      },
      "Type": "AWS::EC2::VPC",
    },
    "NetworkVpcIGW6BEA7B02": {
      "Properties": {
        "Tags": [
          {
            "Key": "Name",
            "Value": "TestStack/Network/Vpc",
          },
        ],
      },
      "Type": "AWS::EC2::InternetGateway",
    },
    "NetworkVpcVPCGW8F3799B5": {
      "Properties": {
        "InternetGatewayId": {
          "Ref": "NetworkVpcIGW6BEA7B02",
        },
        "VpcId": {
          "Ref": "NetworkVpc7FB7348F",
        },
      },
      "Type": "AWS::EC2::VPCGatewayAttachment",
    },
    "NetworkVpcpublicSubnet1DefaultRoute19622567": {
      "DependsOn": [
        "NetworkVpcVPCGW8F3799B5",
      ],
      "Properties": {
        "DestinationCidrBlock": "0.0.0.0/0",
        "GatewayId": {
          "Ref": "NetworkVpcIGW6BEA7B02",
        },
        "RouteTableId": {
          "Ref": "NetworkVpcpublicSubnet1RouteTableDFE49ED6",
        },
      },
      "Type": "AWS::EC2::Route",
    },
    "NetworkVpcpublicSubnet1RouteTableAssociation203B743E": {
      "Properties": {
        "RouteTableId": {
          "Ref": "NetworkVpcpublicSubnet1RouteTableDFE49ED6",
        },
        "SubnetId": {
          "Ref": "NetworkVpcpublicSubnet1Subnet00617657",
        },
      },
      "Type": "AWS::EC2::SubnetRouteTableAssociation",
    },
    "NetworkVpcpublicSubnet1RouteTableDFE49ED6": {
      "Properties": {
        "Tags": [
          {
            "Key": "Name",
            "Value": "TestStack/Network/Vpc/publicSubnet1",
          },
        ],
        "VpcId": {
          "Ref": "NetworkVpc7FB7348F",
        },
      },
      "Type": "AWS::EC2::RouteTable",
    },
    "NetworkVpcpublicSubnet1Subnet00617657": {
      "Properties": {
        "AvailabilityZone": "us-east-1a",
        "CidrBlock": "10.0.0.0/26",
        "MapPublicIpOnLaunch": true,
        "Tags": [
          {
            "Key": "aws-cdk:subnet-name",
            "Value": "public",
          },
          {
            "Key": "aws-cdk:subnet-type",
            "Value": "Public",
          },
          {
            "Key": "Name",
            "Value": "TestStack/Network/Vpc/publicSubnet1",
          },
        ],
        "VpcId": {
          "Ref": "NetworkVpc7FB7348F",
        },
      },
      "Type": "AWS::EC2::Subnet",
    },
    "PanelEmptySince6852B045": {
      "Properties": {
        "Description": "When the Valheim server was last seen with nobody online",
        "Name": "/valheim/panel/empty-since",
        "Type": "String",
        "Value": "none",
      },
      "Type": "AWS::SSM::Parameter",
    },
    "PanelFunction40EFFB0C": {
      "DependsOn": [
        "PanelFunctionServiceRoleDefaultPolicy7946BB5B",
        "PanelFunctionServiceRole6CDAC708",
      ],
      "Properties": {
        "Architectures": [
          "arm64",
        ],
        "Code": {
          "S3Bucket": "cdk-hnb659fds-assets-623096509435-us-east-1",
          "S3Key": "c42f722da0416ce81cb61c932fc436e73361e2d5e5f73333a24225d65746462a.zip",
        },
        "Environment": {
          "Variables": {
            "EMPTY_SINCE_PARAMETER": "/valheim/panel/empty-since",
            "GAME_PORT": "2456",
            "INSTANCE_ID": {
              "Ref": "ServerInstanceE518391B",
            },
            "MODS_PARAMETER": "/valheim/mods/packages",
            "PLAYERS_PARAMETER": "/valheim/panel/players",
            "PROFILE_CODE_PARAMETER": "/valheim/panel/profile-code",
            "QUERY_PORT": "2457",
            "SECRET_ARN": {
              "Ref": "SettingsSecretF2BF6B26",
            },
            "SERVER_HOST": {
              "Fn::GetAtt": [
                "NetworkEip2FED1B11",
                "PublicIp",
              ],
            },
            "SERVER_NAME": "valheim-osrs-nerds",
            "SLEEP_ENABLED_PARAMETER": "/valheim/panel/sleep-when-empty",
            "SLEEP_IDLE_MINUTES": "60",
            "START_SCHEDULE_NAME": "valheim-start",
            "STOP_SCHEDULE_NAME": "valheim-stop",
            "TIMEZONE": "America/Toronto",
          },
        },
        "Handler": "index.handler",
        "LoggingConfig": {
          "LogGroup": {
            "Ref": "PanelLogs380F65D5",
          },
        },
        "MemorySize": 256,
        "Role": {
          "Fn::GetAtt": [
            "PanelFunctionServiceRole6CDAC708",
            "Arn",
          ],
        },
        "Runtime": "nodejs22.x",
        "Timeout": 10,
      },
      "Type": "AWS::Lambda::Function",
    },
    "PanelFunctionFunctionUrl8198DAB1": {
      "Properties": {
        "AuthType": "NONE",
        "TargetFunctionArn": {
          "Fn::GetAtt": [
            "PanelFunction40EFFB0C",
            "Arn",
          ],
        },
      },
      "Type": "AWS::Lambda::Url",
    },
    "PanelFunctionServiceRole6CDAC708": {
      "Properties": {
        "AssumeRolePolicyDocument": {
          "Statement": [
            {
              "Action": "sts:AssumeRole",
              "Effect": "Allow",
              "Principal": {
                "Service": "lambda.amazonaws.com",
              },
            },
          ],
          "Version": "2012-10-17",
        },
        "ManagedPolicyArns": [
          {
            "Fn::Join": [
              "",
              [
                "arn:",
                {
                  "Ref": "AWS::Partition",
                },
                ":iam::aws:policy/service-role/AWSLambdaBasicExecutionRole",
              ],
            ],
          },
        ],
      },
      "Type": "AWS::IAM::Role",
    },
    "PanelFunctionServiceRoleDefaultPolicy7946BB5B": {
      "Properties": {
        "PolicyDocument": {
          "Statement": [
            {
              "Action": "ec2:DescribeInstances",
              "Effect": "Allow",
              "Resource": "*",
            },
            {
              "Action": [
                "ec2:StartInstances",
                "ec2:StopInstances",
              ],
              "Effect": "Allow",
              "Resource": {
                "Fn::Join": [
                  "",
                  [
                    "arn:",
                    {
                      "Ref": "AWS::Partition",
                    },
                    ":ec2:us-east-1:623096509435:instance/",
                    {
                      "Ref": "ServerInstanceE518391B",
                    },
                  ],
                ],
              },
            },
            {
              "Action": [
                "scheduler:GetSchedule",
                "scheduler:UpdateSchedule",
              ],
              "Effect": "Allow",
              "Resource": [
                {
                  "Fn::Join": [
                    "",
                    [
                      "arn:",
                      {
                        "Ref": "AWS::Partition",
                      },
                      ":scheduler:us-east-1:623096509435:schedule/default/valheim-stop",
                    ],
                  ],
                },
                {
                  "Fn::Join": [
                    "",
                    [
                      "arn:",
                      {
                        "Ref": "AWS::Partition",
                      },
                      ":scheduler:us-east-1:623096509435:schedule/default/valheim-start",
                    ],
                  ],
                },
              ],
            },
            {
              "Action": "iam:PassRole",
              "Effect": "Allow",
              "Resource": {
                "Fn::GetAtt": [
                  "ScheduleTargetRole6878809E",
                  "Arn",
                ],
              },
            },
            {
              "Action": [
                "ssm:GetParameter",
                "ssm:PutParameter",
              ],
              "Effect": "Allow",
              "Resource": [
                {
                  "Fn::Join": [
                    "",
                    [
                      "arn:",
                      {
                        "Ref": "AWS::Partition",
                      },
                      ":ssm:us-east-1:623096509435:parameter",
                      {
                        "Ref": "PanelSleepEnabled0FFF74D4",
                      },
                    ],
                  ],
                },
                {
                  "Fn::Join": [
                    "",
                    [
                      "arn:",
                      {
                        "Ref": "AWS::Partition",
                      },
                      ":ssm:us-east-1:623096509435:parameter",
                      {
                        "Ref": "PanelEmptySince6852B045",
                      },
                    ],
                  ],
                },
              ],
            },
            {
              "Action": [
                "secretsmanager:GetSecretValue",
                "secretsmanager:DescribeSecret",
              ],
              "Effect": "Allow",
              "Resource": {
                "Ref": "SettingsSecretF2BF6B26",
              },
            },
            {
              "Action": [
                "ssm:DescribeParameters",
                "ssm:GetParameters",
                "ssm:GetParameter",
                "ssm:GetParameterHistory",
              ],
              "Effect": "Allow",
              "Resource": {
                "Fn::Join": [
                  "",
                  [
                    "arn:",
                    {
                      "Ref": "AWS::Partition",
                    },
                    ":ssm:us-east-1:623096509435:parameter",
                    {
                      "Ref": "ServerPlayersParameter75C5B915",
                    },
                  ],
                ],
              },
            },
            {
              "Action": [
                "ssm:DescribeParameters",
                "ssm:GetParameters",
                "ssm:GetParameter",
                "ssm:GetParameterHistory",
              ],
              "Effect": "Allow",
              "Resource": {
                "Fn::Join": [
                  "",
                  [
                    "arn:",
                    {
                      "Ref": "AWS::Partition",
                    },
                    ":ssm:us-east-1:623096509435:parameter",
                    {
                      "Ref": "SettingsModsParameter9E87135C",
                    },
                  ],
                ],
              },
            },
            {
              "Action": [
                "ssm:DescribeParameters",
                "ssm:GetParameters",
                "ssm:GetParameter",
                "ssm:GetParameterHistory",
              ],
              "Effect": "Allow",
              "Resource": {
                "Fn::Join": [
                  "",
                  [
                    "arn:",
                    {
                      "Ref": "AWS::Partition",
                    },
                    ":ssm:us-east-1:623096509435:parameter",
                    {
                      "Ref": "SettingsProfileCodeParameterDCB88C9F",
                    },
                  ],
                ],
              },
            },
          ],
          "Version": "2012-10-17",
        },
        "PolicyName": "PanelFunctionServiceRoleDefaultPolicy7946BB5B",
        "Roles": [
          {
            "Ref": "PanelFunctionServiceRole6CDAC708",
          },
        ],
      },
      "Type": "AWS::IAM::Policy",
    },
    "PanelFunctioninvokefunctionDD27712B": {
      "Properties": {
        "Action": "lambda:InvokeFunction",
        "FunctionName": {
          "Fn::GetAtt": [
            "PanelFunction40EFFB0C",
            "Arn",
          ],
        },
        "InvokedViaFunctionUrl": true,
        "Principal": "*",
      },
      "Type": "AWS::Lambda::Permission",
    },
    "PanelFunctioninvokefunctionurlEBFC9741": {
      "Properties": {
        "Action": "lambda:InvokeFunctionUrl",
        "FunctionName": {
          "Fn::GetAtt": [
            "PanelFunction40EFFB0C",
            "Arn",
          ],
        },
        "FunctionUrlAuthType": "NONE",
        "Principal": "*",
      },
      "Type": "AWS::Lambda::Permission",
    },
    "PanelLogs380F65D5": {
      "DeletionPolicy": "Delete",
      "Properties": {
        "RetentionInDays": 14,
      },
      "Type": "AWS::Logs::LogGroup",
      "UpdateReplacePolicy": "Delete",
    },
    "PanelSleepCheck596EAA37": {
      "Properties": {
        "Description": "Stop the Valheim server when nobody has been online for a while",
        "FlexibleTimeWindow": {
          "Mode": "OFF",
        },
        "Name": "valheim-sleep-check",
        "ScheduleExpression": "rate(10 minutes)",
        "ScheduleExpressionTimezone": "Etc/UTC",
        "State": "ENABLED",
        "Target": {
          "Arn": {
            "Fn::GetAtt": [
              "PanelSleeperF11C10B8",
              "Arn",
            ],
          },
          "RetryPolicy": {
            "MaximumEventAgeInSeconds": 86400,
            "MaximumRetryAttempts": 185,
          },
          "RoleArn": {
            "Fn::GetAtt": [
              "SchedulerRoleForTarget938241A974FFA0",
              "Arn",
            ],
          },
        },
      },
      "Type": "AWS::Scheduler::Schedule",
    },
    "PanelSleepEnabled0FFF74D4": {
      "Properties": {
        "Description": "Stop the Valheim server after it has been empty for a while",
        "Name": "/valheim/panel/sleep-when-empty",
        "Type": "String",
        "Value": "false",
      },
      "Type": "AWS::SSM::Parameter",
    },
    "PanelSleeperF11C10B8": {
      "DependsOn": [
        "PanelSleeperServiceRoleDefaultPolicy2C2CD457",
        "PanelSleeperServiceRole04899829",
      ],
      "Properties": {
        "Architectures": [
          "arm64",
        ],
        "Code": {
          "S3Bucket": "cdk-hnb659fds-assets-623096509435-us-east-1",
          "S3Key": "77c628db4954f86064b694b5b93a9fcd096abe9ef7135e306efeb5eb9195336d.zip",
        },
        "Environment": {
          "Variables": {
            "EMPTY_SINCE_PARAMETER": "/valheim/panel/empty-since",
            "INSTANCE_ID": {
              "Ref": "ServerInstanceE518391B",
            },
            "QUERY_PORT": "2457",
            "SECRET_ARN": {
              "Ref": "SettingsSecretF2BF6B26",
            },
            "SERVER_HOST": {
              "Fn::GetAtt": [
                "NetworkEip2FED1B11",
                "PublicIp",
              ],
            },
            "SLEEP_ENABLED_PARAMETER": "/valheim/panel/sleep-when-empty",
            "SLEEP_IDLE_MINUTES": "60",
          },
        },
        "Handler": "index.handler",
        "LoggingConfig": {
          "LogGroup": {
            "Ref": "PanelSleeperLogsE7E0F979",
          },
        },
        "MemorySize": 256,
        "Role": {
          "Fn::GetAtt": [
            "PanelSleeperServiceRole04899829",
            "Arn",
          ],
        },
        "Runtime": "nodejs22.x",
        "Timeout": 30,
      },
      "Type": "AWS::Lambda::Function",
    },
    "PanelSleeperLogsE7E0F979": {
      "DeletionPolicy": "Delete",
      "Properties": {
        "RetentionInDays": 14,
      },
      "Type": "AWS::Logs::LogGroup",
      "UpdateReplacePolicy": "Delete",
    },
    "PanelSleeperServiceRole04899829": {
      "Properties": {
        "AssumeRolePolicyDocument": {
          "Statement": [
            {
              "Action": "sts:AssumeRole",
              "Effect": "Allow",
              "Principal": {
                "Service": "lambda.amazonaws.com",
              },
            },
          ],
          "Version": "2012-10-17",
        },
        "ManagedPolicyArns": [
          {
            "Fn::Join": [
              "",
              [
                "arn:",
                {
                  "Ref": "AWS::Partition",
                },
                ":iam::aws:policy/service-role/AWSLambdaBasicExecutionRole",
              ],
            ],
          },
        ],
      },
      "Type": "AWS::IAM::Role",
    },
    "PanelSleeperServiceRoleDefaultPolicy2C2CD457": {
      "Properties": {
        "PolicyDocument": {
          "Statement": [
            {
              "Action": "ec2:DescribeInstances",
              "Effect": "Allow",
              "Resource": "*",
            },
            {
              "Action": "ec2:StopInstances",
              "Effect": "Allow",
              "Resource": {
                "Fn::Join": [
                  "",
                  [
                    "arn:",
                    {
                      "Ref": "AWS::Partition",
                    },
                    ":ec2:us-east-1:623096509435:instance/",
                    {
                      "Ref": "ServerInstanceE518391B",
                    },
                  ],
                ],
              },
            },
            {
              "Action": [
                "ssm:GetParameter",
                "ssm:PutParameter",
              ],
              "Effect": "Allow",
              "Resource": [
                {
                  "Fn::Join": [
                    "",
                    [
                      "arn:",
                      {
                        "Ref": "AWS::Partition",
                      },
                      ":ssm:us-east-1:623096509435:parameter",
                      {
                        "Ref": "PanelSleepEnabled0FFF74D4",
                      },
                    ],
                  ],
                },
                {
                  "Fn::Join": [
                    "",
                    [
                      "arn:",
                      {
                        "Ref": "AWS::Partition",
                      },
                      ":ssm:us-east-1:623096509435:parameter",
                      {
                        "Ref": "PanelEmptySince6852B045",
                      },
                    ],
                  ],
                },
              ],
            },
            {
              "Action": [
                "secretsmanager:GetSecretValue",
                "secretsmanager:DescribeSecret",
              ],
              "Effect": "Allow",
              "Resource": {
                "Ref": "SettingsSecretF2BF6B26",
              },
            },
          ],
          "Version": "2012-10-17",
        },
        "PolicyName": "PanelSleeperServiceRoleDefaultPolicy2C2CD457",
        "Roles": [
          {
            "Ref": "PanelSleeperServiceRole04899829",
          },
        ],
      },
      "Type": "AWS::IAM::Policy",
    },
    "ScheduleStart1C54F5DF": {
      "Properties": {
        "Description": "Start the Valheim server for the evening",
        "FlexibleTimeWindow": {
          "Mode": "OFF",
        },
        "Name": "valheim-start",
        "ScheduleExpression": "cron(0 16 * * ? *)",
        "ScheduleExpressionTimezone": "America/Toronto",
        "State": "DISABLED",
        "Target": {
          "Arn": {
            "Fn::Join": [
              "",
              [
                "arn:",
                {
                  "Ref": "AWS::Partition",
                },
                ":scheduler:::aws-sdk:ec2:startInstances",
              ],
            ],
          },
          "Input": {
            "Fn::Join": [
              "",
              [
                "{"InstanceIds":["",
                {
                  "Ref": "ServerInstanceE518391B",
                },
                ""]}",
              ],
            ],
          },
          "RetryPolicy": {
            "MaximumEventAgeInSeconds": 86400,
            "MaximumRetryAttempts": 185,
          },
          "RoleArn": {
            "Fn::GetAtt": [
              "ScheduleTargetRole6878809E",
              "Arn",
            ],
          },
        },
      },
      "Type": "AWS::Scheduler::Schedule",
    },
    "ScheduleStop9B534E3B": {
      "Properties": {
        "Description": "Stop the Valheim server for the night",
        "FlexibleTimeWindow": {
          "Mode": "OFF",
        },
        "Name": "valheim-stop",
        "ScheduleExpression": "cron(0 3 * * ? *)",
        "ScheduleExpressionTimezone": "America/Toronto",
        "State": "DISABLED",
        "Target": {
          "Arn": {
            "Fn::Join": [
              "",
              [
                "arn:",
                {
                  "Ref": "AWS::Partition",
                },
                ":scheduler:::aws-sdk:ec2:stopInstances",
              ],
            ],
          },
          "Input": {
            "Fn::Join": [
              "",
              [
                "{"InstanceIds":["",
                {
                  "Ref": "ServerInstanceE518391B",
                },
                ""]}",
              ],
            ],
          },
          "RetryPolicy": {
            "MaximumEventAgeInSeconds": 86400,
            "MaximumRetryAttempts": 185,
          },
          "RoleArn": {
            "Fn::GetAtt": [
              "ScheduleTargetRole6878809E",
              "Arn",
            ],
          },
        },
      },
      "Type": "AWS::Scheduler::Schedule",
    },
    "ScheduleTargetRole6878809E": {
      "Properties": {
        "AssumeRolePolicyDocument": {
          "Statement": [
            {
              "Action": "sts:AssumeRole",
              "Effect": "Allow",
              "Principal": {
                "Service": "scheduler.amazonaws.com",
              },
            },
          ],
          "Version": "2012-10-17",
        },
      },
      "Type": "AWS::IAM::Role",
    },
    "ScheduleTargetRoleDefaultPolicyCC26D844": {
      "Properties": {
        "PolicyDocument": {
          "Statement": [
            {
              "Action": "ec2:StopInstances",
              "Effect": "Allow",
              "Resource": {
                "Fn::Join": [
                  "",
                  [
                    "arn:",
                    {
                      "Ref": "AWS::Partition",
                    },
                    ":ec2:us-east-1:623096509435:instance/",
                    {
                      "Ref": "ServerInstanceE518391B",
                    },
                  ],
                ],
              },
            },
            {
              "Action": "ec2:StartInstances",
              "Effect": "Allow",
              "Resource": {
                "Fn::Join": [
                  "",
                  [
                    "arn:",
                    {
                      "Ref": "AWS::Partition",
                    },
                    ":ec2:us-east-1:623096509435:instance/",
                    {
                      "Ref": "ServerInstanceE518391B",
                    },
                  ],
                ],
              },
            },
          ],
          "Version": "2012-10-17",
        },
        "PolicyName": "ScheduleTargetRoleDefaultPolicyCC26D844",
        "Roles": [
          {
            "Ref": "ScheduleTargetRole6878809E",
          },
        ],
      },
      "Type": "AWS::IAM::Policy",
    },
    "SchedulerRoleForTarget938241A974FFA0": {
      "Properties": {
        "AssumeRolePolicyDocument": {
          "Statement": [
            {
              "Action": "sts:AssumeRole",
              "Condition": {
                "StringEquals": {
                  "aws:SourceAccount": "623096509435",
                  "aws:SourceArn": {
                    "Fn::Join": [
                      "",
                      [
                        "arn:",
                        {
                          "Ref": "AWS::Partition",
                        },
                        ":scheduler:us-east-1:623096509435:schedule-group/default",
                      ],
                    ],
                  },
                },
              },
              "Effect": "Allow",
              "Principal": {
                "Service": "scheduler.amazonaws.com",
              },
            },
          ],
          "Version": "2012-10-17",
        },
      },
      "Type": "AWS::IAM::Role",
    },
    "SchedulerRoleForTarget938241DefaultPolicyC5248EDB": {
      "Properties": {
        "PolicyDocument": {
          "Statement": [
            {
              "Action": "lambda:InvokeFunction",
              "Effect": "Allow",
              "Resource": [
                {
                  "Fn::GetAtt": [
                    "PanelSleeperF11C10B8",
                    "Arn",
                  ],
                },
                {
                  "Fn::Join": [
                    "",
                    [
                      {
                        "Fn::GetAtt": [
                          "PanelSleeperF11C10B8",
                          "Arn",
                        ],
                      },
                      ":*",
                    ],
                  ],
                },
              ],
            },
          ],
          "Version": "2012-10-17",
        },
        "PolicyName": "SchedulerRoleForTarget938241DefaultPolicyC5248EDB",
        "Roles": [
          {
            "Ref": "SchedulerRoleForTarget938241A974FFA0",
          },
        ],
      },
      "Type": "AWS::IAM::Policy",
    },
    "ServerDataVolume3EEC0930": {
      "DeletionPolicy": "Retain",
      "Properties": {
        "AvailabilityZone": "us-east-1a",
        "Encrypted": true,
        "MultiAttachEnabled": false,
        "Size": 30,
        "Tags": [
          {
            "Key": "Backup",
            "Value": "daily",
          },
        ],
        "VolumeType": "gp3",
      },
      "Type": "AWS::EC2::Volume",
      "UpdateReplacePolicy": "Retain",
    },
    "ServerDataVolumeAttachment47477EBE": {
      "Properties": {
        "Device": "/dev/sdf",
        "InstanceId": {
          "Ref": "ServerInstanceE518391B",
        },
        "VolumeId": {
          "Ref": "ServerDataVolume3EEC0930",
        },
      },
      "Type": "AWS::EC2::VolumeAttachment",
    },
    "ServerEipAssociation635C3356": {
      "Properties": {
        "AllocationId": {
          "Fn::GetAtt": [
            "NetworkEip2FED1B11",
            "AllocationId",
          ],
        },
        "InstanceId": {
          "Ref": "ServerInstanceE518391B",
        },
      },
      "Type": "AWS::EC2::EIPAssociation",
    },
    "ServerInstanceE518391B": {
      "DependsOn": [
        "ServerRoleDefaultPolicy02C1A355",
        "ServerRoleB6C85082",
      ],
      "Properties": {
        "AvailabilityZone": "us-east-1a",
        "BlockDeviceMappings": [
          {
            "DeviceName": "/dev/sda1",
            "Ebs": {
              "DeleteOnTermination": true,
              "Encrypted": true,
              "VolumeSize": 16,
              "VolumeType": "gp3",
            },
          },
        ],
        "IamInstanceProfile": {
          "Ref": "ServerInstanceInstanceProfile5CC6E324",
        },
        "ImageId": "dummy-value-for-/aws/service/canonical/ubuntu/server/24.04/stable/current/amd64/hvm/ebs-gp3/ami-id",
        "InstanceType": "m7a.large",
        "MetadataOptions": {
          "HttpPutResponseHopLimit": 1,
          "HttpTokens": "required",
        },
        "Monitoring": false,
        "NetworkInterfaces": [
          {
            "AssociatePublicIpAddress": false,
            "DeviceIndex": "0",
            "GroupSet": [
              {
                "Fn::GetAtt": [
                  "NetworkServerSecurityGroupBEF04AAA",
                  "GroupId",
                ],
              },
            ],
            "SubnetId": {
              "Ref": "NetworkVpcpublicSubnet1Subnet00617657",
            },
          },
        ],
        "Tags": [
          {
            "Key": "Name",
            "Value": "valheim-server",
          },
        ],
        "UserData": {
          "Fn::Base64": {
            "Fn::Join": [
              "",
              [
                "#!/bin/bash
set -euo pipefail
export DEBIAN_FRONTEND=noninteractive

# The Elastic IP attaches a few seconds after boot; wait for outbound network.
for _ in $(seq 1 60); do
  curl -fsS --max-time 5 https://awscli.amazonaws.com/ >/dev/null 2>&1 && break
  sleep 5
done

apt-get update -y
apt-get install -y ca-certificates curl unzip jq

curl -fsSL https://awscli.amazonaws.com/v2/install.sh | bash -s -- --system

install -m 0755 -d /etc/apt/keyrings
curl -fsSL https://download.docker.com/linux/ubuntu/gpg -o /etc/apt/keyrings/docker.asc
chmod a+r /etc/apt/keyrings/docker.asc
cat > /etc/apt/sources.list.d/docker.sources <<'EOF'
Types: deb
URIs: https://download.docker.com/linux/ubuntu
Suites: noble
Components: stable
Architectures: amd64
Signed-By: /etc/apt/keyrings/docker.asc
EOF
apt-get update -y
apt-get install -y docker-ce docker-ce-cli containerd.io docker-buildx-plugin docker-compose-plugin
cat > /etc/docker/daemon.json <<'EOF'
{ "log-driver": "json-file", "log-opts": { "max-size": "50m", "max-file": "3" } }
EOF
systemctl enable docker
systemctl restart docker

VOLUME_ID="",
                {
                  "Ref": "ServerDataVolume3EEC0930",
                },
                ""
DEVICE="/dev/disk/by-id/nvme-Amazon_Elastic_Block_Store_\${VOLUME_ID//-/}"
for _ in $(seq 1 60); do [ -e "$DEVICE" ] && break; sleep 2; done
[ -e "$DEVICE" ] || { echo "data volume $DEVICE not found"; exit 1; }
if ! blkid "$DEVICE" >/dev/null 2>&1; then
  mkfs.ext4 -L valheim "$DEVICE"
fi
mkdir -p /opt/valheim
grep -q 'LABEL=valheim' /etc/fstab || echo 'LABEL=valheim /opt/valheim ext4 defaults,nofail 0 2' >> /etc/fstab
mount -a
mkdir -p /opt/valheim/config /opt/valheim/data
chown -R 1000:1000 /opt/valheim/config /opt/valheim/data

cat > /usr/local/bin/valheim-fetch-config <<'EOF'
#!/bin/bash
set -euo pipefail
REGION="us-east-1"
PARAM="",
                {
                  "Ref": "SettingsComposeParameterFE954861",
                },
                ""
SECRET="",
                {
                  "Ref": "SettingsSecretF2BF6B26",
                },
                ""
aws ssm get-parameter --region "$REGION" --name "$PARAM" --query Parameter.Value --output text > /opt/valheim/compose.yaml.tmp
mv /opt/valheim/compose.yaml.tmp /opt/valheim/compose.yaml
SECRET_JSON="$(aws secretsmanager get-secret-value --region "$REGION" --secret-id "$SECRET" --query SecretString --output text)"
umask 077
printf 'SERVER_PASS=%s\\nDISCORD_WEBHOOK=%s\\n' \\
  "$(jq -r .password <<<"$SECRET_JSON")" \\
  "$(jq -r .discordWebhook <<<"$SECRET_JSON")" > /opt/valheim/.env.tmp
mv /opt/valheim/.env.tmp /opt/valheim/.env
umask 022
aws ssm get-parameter --region "$REGION" --name /valheim/mods/packages --query Parameter.Value --output text > /opt/valheim/mods.json.tmp
mv /opt/valheim/mods.json.tmp /opt/valheim/mods.json
aws ssm get-parameters-by-path --region "$REGION" --path /valheim/mods/config/ --query 'Parameters[].[Name,Value]' --output json > /opt/valheim/mods-config.json.tmp
mv /opt/valheim/mods-config.json.tmp /opt/valheim/mods-config.json
/usr/local/bin/valheim-mods sync /opt/valheim/mods.json /opt/valheim/mods-config.json
EOF
chmod 0755 /usr/local/bin/valheim-fetch-config
cat > /usr/local/bin/valheim-mods <<'PYEOF'
#!/usr/bin/env python3
"""Install the pinned Thunderstore packages for the Valheim server and write config overrides."""
import argparse
import json
import os
import re
import shutil
import sys
import urllib.request
import zipfile
from pathlib import Path, PurePosixPath

DOWNLOAD_URL = "https://thunderstore.io/package/download/{namespace}/{name}/{version}/"
USER_AGENT = "valheim-server/1.0"
MARKER = ".version"
SKIP_AT_ROOT = {"manifest.json", "icon.png", "readme.md", "changelog.md"}
STRIP_PREFIXES = ("BepInEx/plugins/", "plugins/")


def log(message):
    print(message, flush=True)


def folder_name(package):
    return f"{package['namespace']}-{package['name']}"


def fetch_zip(package, cache, zips):
    """Return the path of the cached package zip, filling the cache from the offline dir or Thunderstore."""
    file_name = f"{folder_name(package)}-{package['version']}.zip"
    cached = cache / file_name
    if cached.exists():
        return cached
    cache.mkdir(parents=True, exist_ok=True)
    if zips is not None:
        offline = zips / file_name
        if not offline.exists():
            return None
        shutil.copyfile(offline, cached)
        return cached
    request = urllib.request.Request(DOWNLOAD_URL.format(**package), headers={"User-Agent": USER_AGENT})
    partial = cache / (file_name + ".part")
    try:
        with urllib.request.urlopen(request, timeout=60) as response, open(partial, "wb") as out:
            shutil.copyfileobj(response, out)
    except Exception as error:
        partial.unlink(missing_ok=True)
        log(f"warning: download failed for {file_name}: {error}")
        return None
    partial.rename(cached)
    return cached


def target_path(entry_name):
    """Map a zip entry to its path inside the plugin folder, or None to skip it."""
    name = entry_name.replace("\\\\", "/")
    for prefix in STRIP_PREFIXES:
        if name.startswith(prefix):
            name = name[len(prefix):]
            break
    if not name or name.endswith("/"):
        return None
    if "/" not in name and (name.lower() in SKIP_AT_ROOT or name.lower().startswith("license")):
        return None
    pure = PurePosixPath(name)
    if pure.is_absolute() or ".." in pure.parts:
        raise ValueError(f"unsafe path in archive: {entry_name}")
    return pure


def extract(zip_path, destination):
    with zipfile.ZipFile(zip_path) as archive:
        planned = [(entry, target_path(entry.filename)) for entry in archive.infolist()]
        for entry, relative in planned:
            if relative is None or entry.is_dir():
                continue
            out = destination / relative
            out.parent.mkdir(parents=True, exist_ok=True)
            with archive.open(entry) as src, open(out, "wb") as dst:
                shutil.copyfileobj(src, dst)


def install(package, plugins_root, cache, zips):
    folder = plugins_root / folder_name(package)
    marker = folder / MARKER
    if marker.exists() and marker.read_text().strip() == package["version"]:
        log(f"{folder_name(package)} {package['version']} already installed")
        return
    zip_path = fetch_zip(package, cache, zips)
    if zip_path is None:
        log(f"warning: could not fetch {folder_name(package)} {package['version']}; keeping what is installed")
        return
    staging = plugins_root / (folder.name + ".staging")
    shutil.rmtree(staging, ignore_errors=True)
    try:
        extract(zip_path, staging)
    except (ValueError, zipfile.BadZipFile) as error:
        shutil.rmtree(staging, ignore_errors=True)
        # a bad archive must not stay cached, or the package could never upgrade again
        zip_path.unlink(missing_ok=True)
        log(f"warning: skipping {folder_name(package)} {package['version']}: {error}")
        return
    (staging / MARKER).write_text(package["version"])
    shutil.rmtree(folder, ignore_errors=True)
    staging.rename(folder)
    log(f"installed {folder_name(package)} {package['version']}")


def prune(wanted, plugins_root, install_plugins):
    for child in plugins_root.iterdir():
        if child.is_dir() and (child / MARKER).exists() and child.name not in wanted:
            shutil.rmtree(child, ignore_errors=True)
            shutil.rmtree(install_plugins / child.name, ignore_errors=True)
            log(f"removed {child.name}")


SECTION = re.compile(r"^\\s*\\[(.+?)\\]\\s*$")
ASSIGNMENT = re.compile(r"^\\s*([^#;=\\[][^=]*?)\\s*=")


def assignments(text):
    """Yield (section, key, line) for each key line of an ini-style override; comments and blanks are skipped."""
    section = None
    for line in text.splitlines():
        header = SECTION.match(line)
        if header:
            section = header.group(1)
            continue
        key = ASSIGNMENT.match(line)
        if key:
            yield section, key.group(1).strip(), line.rstrip()


def merge_config(existing, override):
    """Apply the override's keys into the existing file so admin changes to other keys survive a restart."""
    lines = existing.splitlines()
    for section, key, line in assignments(override):
        headers = [i for i, l in enumerate(lines) if SECTION.match(l)]
        start = next((i for i in headers if SECTION.match(lines[i]).group(1) == section), None)
        if section is not None and start is None:
            if lines and lines[-1].strip():
                lines.append("")
            lines += [f"[{section}]", line]
            continue
        begin = -1 if start is None else start
        end = next((i for i in headers if i > begin), len(lines))
        hit = next((i for i in range(begin + 1, end) if (m := ASSIGNMENT.match(lines[i])) and m.group(1).strip() == key), None)
        if hit is not None:
            lines[hit] = line
            continue
        insert = end
        while insert > begin + 1 and not lines[insert - 1].strip():
            insert -= 1
        lines.insert(insert, line)
    return "\\n".join(lines) + "\\n"


def write_overrides(overrides, config_root):
    for name, value in overrides:
        target = config_root / PurePosixPath(name).name
        sectioned = re.search(r"^\\s*\\[.+\\]\\s*$", value, re.M) is not None
        if target.exists() and sectioned:
            target.write_text(merge_config(target.read_text(), value))
            log(f"merged {target.name}")
        else:
            target.write_text(value)
            log(f"wrote {target.name}")


def chown_tree(root, owner):
    if owner == "none":
        return
    uid, gid = (int(part) for part in owner.split(":"))
    for path in [root, *root.rglob("*")]:
        os.chown(path, uid, gid)


def main():
    parser = argparse.ArgumentParser()
    parser.add_argument("command", choices=["sync"])
    parser.add_argument("manifest")
    parser.add_argument("overrides")
    parser.add_argument("--config-root", default="/opt/valheim/config/bepinex")
    parser.add_argument("--install-root", default="/opt/valheim/data/bepinex/BepInEx")
    parser.add_argument("--cache", default="/opt/valheim/mods-cache")
    parser.add_argument("--zips", help="offline: read <Namespace-Name>-<version>.zip from this directory instead of downloading")
    parser.add_argument("--owner", default="1000:1000")
    args = parser.parse_args()

    packages = json.loads(Path(args.manifest).read_text())
    overrides = json.loads(Path(args.overrides).read_text()) if Path(args.overrides).exists() else []
    if not isinstance(packages, list) or not all({"namespace", "name", "version"} <= set(p) for p in packages):
        sys.exit("manifest must be a list of {namespace, name, version}")

    config_root = Path(args.config_root)
    plugins_root = config_root / "plugins"
    plugins_root.mkdir(parents=True, exist_ok=True)
    for package in packages:
        install(package, plugins_root, Path(args.cache), Path(args.zips) if args.zips else None)
    prune({folder_name(p) for p in packages}, plugins_root, Path(args.install_root) / "plugins")
    write_overrides(overrides, config_root)
    chown_tree(config_root, args.owner)


if __name__ == "__main__":
    main()

PYEOF
chmod 0755 /usr/local/bin/valheim-mods
cat > /usr/local/bin/valheim-players <<'PYEOF'
#!/usr/bin/env python3
"""Follow the Valheim container log and publish who is online to an SSM parameter."""
import json
import re
import subprocess
import sys
import threading
import time
from datetime import datetime, timezone

RE_START = re.compile(r"Valheim version:")
RE_CONNECT = re.compile(r"Got connection SteamID (\\d+)")
RE_CHARACTER = re.compile(r"Got character ZDOID from (.+?) : ")
RE_CLOSE = re.compile(r"Closing socket (\\d+)")


class Roster:
    def __init__(self):
        self.reset()

    def reset(self):
        self.pending = []
        self.names = {}

    def feed(self, line):
        """Apply one log line. Returns True when the set of online players changed."""
        if RE_START.search(line):
            had_players = bool(self.names)
            self.reset()
            return had_players
        match = RE_CONNECT.search(line)
        if match:
            self.pending.append(match.group(1))
            return False
        match = RE_CHARACTER.search(line)
        if match:
            name = match.group(1).strip()
            # a death or respawn logs the same line again; only a new name consumes a queued connection
            if name in self.names.values() or not self.pending:
                return False
            self.names[self.pending.pop(0)] = name
            return True
        match = RE_CLOSE.search(line)
        if match:
            steam_id = match.group(1)
            if steam_id in self.pending:
                self.pending.remove(steam_id)
            return self.names.pop(steam_id, None) is not None
        return False

    def players(self):
        return sorted(self.names.values(), key=str.lower)


def payload(roster):
    now = datetime.now(timezone.utc).isoformat(timespec="milliseconds").replace("+00:00", "Z")
    return json.dumps({"players": roster.players(), "updatedAt": now})


def publish(roster, parameter, region):
    command = ["aws", "ssm", "put-parameter", "--name", parameter, "--type", "String",
               "--overwrite", "--value", payload(roster), "--region", region]
    try:
        subprocess.run(command, check=True, capture_output=True, timeout=30)
    except Exception as error:  # best effort: the next change or heartbeat retries
        print(f"publish failed: {error}", file=sys.stderr, flush=True)


def follow(parameter, region):
    roster = Roster()
    lock = threading.Lock()

    def heartbeat():
        while True:
            time.sleep(60)
            with lock:
                publish(roster, parameter, region)

    threading.Thread(target=heartbeat, daemon=True).start()
    process = subprocess.Popen(["docker", "logs", "-f", "valheim"], stdout=subprocess.PIPE,
                               stderr=subprocess.STDOUT, text=True, errors="replace")
    for line in process.stdout:
        with lock:
            if roster.feed(line):
                publish(roster, parameter, region)
    return process.wait()


def replay():
    roster = Roster()
    for line in sys.stdin:
        roster.feed(line)
    print(json.dumps({"players": roster.players()}))


if __name__ == "__main__":
    if "--replay" in sys.argv:
        replay()
    elif len(sys.argv) == 3:
        sys.exit(follow(sys.argv[1], sys.argv[2]))
    else:
        print("usage: valheim-players <parameter-name> <region> | --replay", file=sys.stderr)
        sys.exit(2)

PYEOF
chmod 0755 /usr/local/bin/valheim-players
cat > /etc/systemd/system/valheim-players.service <<'EOF'
[Unit]
Description=Publish who is online in Valheim to SSM
Requires=docker.service
After=docker.service valheim.service
StartLimitIntervalSec=0

[Service]
ExecStart=/usr/bin/python3 /usr/local/bin/valheim-players /valheim/panel/players us-east-1
Restart=always
RestartSec=5

[Install]
WantedBy=multi-user.target

EOF
systemctl daemon-reload
systemctl enable --now valheim-players.service
systemctl restart valheim-players.service

cat > /etc/systemd/system/valheim.service <<'EOF'
[Unit]
Description=Valheim dedicated server (docker compose)
Requires=docker.service
After=docker.service network-online.target
Wants=network-online.target

[Service]
Type=oneshot
RemainAfterExit=yes
WorkingDirectory=/opt/valheim
ExecStartPre=/usr/local/bin/valheim-fetch-config
ExecStart=/usr/bin/docker compose -f /opt/valheim/compose.yaml up -d
ExecStop=/usr/bin/docker compose -f /opt/valheim/compose.yaml stop -t 120
TimeoutStopSec=150

[Install]
WantedBy=multi-user.target
EOF
systemctl daemon-reload
systemctl enable --now valheim.service
",
              ],
            ],
          },
        },
      },
      "Type": "AWS::EC2::Instance",
    },
    "ServerInstanceInstanceProfile5CC6E324": {
      "Properties": {
        "Roles": [
          {
            "Ref": "ServerRoleB6C85082",
          },
        ],
      },
      "Type": "AWS::IAM::InstanceProfile",
    },
    "ServerPlayersParameter75C5B915": {
      "Properties": {
        "Description": "Who is online in Valheim, written by the watcher on the instance",
        "Name": "/valheim/panel/players",
        "Type": "String",
        "Value": "{"players":[],"updatedAt":"1970-01-01T00:00:00.000Z"}",
      },
      "Type": "AWS::SSM::Parameter",
    },
    "ServerRoleB6C85082": {
      "Properties": {
        "AssumeRolePolicyDocument": {
          "Statement": [
            {
              "Action": "sts:AssumeRole",
              "Effect": "Allow",
              "Principal": {
                "Service": "ec2.amazonaws.com",
              },
            },
          ],
          "Version": "2012-10-17",
        },
        "ManagedPolicyArns": [
          {
            "Fn::Join": [
              "",
              [
                "arn:",
                {
                  "Ref": "AWS::Partition",
                },
                ":iam::aws:policy/AmazonSSMManagedInstanceCore",
              ],
            ],
          },
        ],
      },
      "Type": "AWS::IAM::Role",
    },
    "ServerRoleDefaultPolicy02C1A355": {
      "Properties": {
        "PolicyDocument": {
          "Statement": [
            {
              "Action": [
                "secretsmanager:GetSecretValue",
                "secretsmanager:DescribeSecret",
              ],
              "Effect": "Allow",
              "Resource": {
                "Ref": "SettingsSecretF2BF6B26",
              },
            },
            {
              "Action": [
                "ssm:DescribeParameters",
                "ssm:GetParameters",
                "ssm:GetParameter",
                "ssm:GetParameterHistory",
              ],
              "Effect": "Allow",
              "Resource": {
                "Fn::Join": [
                  "",
                  [
                    "arn:",
                    {
                      "Ref": "AWS::Partition",
                    },
                    ":ssm:us-east-1:623096509435:parameter/",
                    {
                      "Ref": "SettingsComposeParameterFE954861",
                    },
                  ],
                ],
              },
            },
            {
              "Action": [
                "ssm:DescribeParameters",
                "ssm:GetParameters",
                "ssm:GetParameter",
                "ssm:GetParameterHistory",
              ],
              "Effect": "Allow",
              "Resource": {
                "Fn::Join": [
                  "",
                  [
                    "arn:",
                    {
                      "Ref": "AWS::Partition",
                    },
                    ":ssm:us-east-1:623096509435:parameter",
                    {
                      "Ref": "SettingsModsParameter9E87135C",
                    },
                  ],
                ],
              },
            },
            {
              "Action": [
                "ssm:DescribeParameters",
                "ssm:GetParameters",
                "ssm:GetParameter",
                "ssm:GetParameterHistory",
              ],
              "Effect": "Allow",
              "Resource": {
                "Fn::Join": [
                  "",
                  [
                    "arn:",
                    {
                      "Ref": "AWS::Partition",
                    },
                    ":ssm:us-east-1:623096509435:parameter",
                    {
                      "Ref": "SettingsModConfigJuneGameValheimForsakenPowerOverhaulcfgD5AEC8F4",
                    },
                  ],
                ],
              },
            },
            {
              "Action": [
                "ssm:DescribeParameters",
                "ssm:GetParameters",
                "ssm:GetParameter",
                "ssm:GetParameterHistory",
              ],
              "Effect": "Allow",
              "Resource": {
                "Fn::Join": [
                  "",
                  [
                    "arn:",
                    {
                      "Ref": "AWS::Partition",
                    },
                    ":ssm:us-east-1:623096509435:parameter",
                    {
                      "Ref": "SettingsModConfigdropthatdroptablecfgADA43041",
                    },
                  ],
                ],
              },
            },
            {
              "Action": [
                "ssm:DescribeParameters",
                "ssm:GetParameters",
                "ssm:GetParameter",
                "ssm:GetParameterHistory",
              ],
              "Effect": "Allow",
              "Resource": {
                "Fn::Join": [
                  "",
                  [
                    "arn:",
                    {
                      "Ref": "AWS::Partition",
                    },
                    ":ssm:us-east-1:623096509435:parameter",
                    {
                      "Ref": "SettingsModConfigxtav1mBetterConsumablescfg0322DF3D",
                    },
                  ],
                ],
              },
            },
            {
              "Action": "ssm:GetParametersByPath",
              "Effect": "Allow",
              "Resource": [
                {
                  "Fn::Join": [
                    "",
                    [
                      "arn:",
                      {
                        "Ref": "AWS::Partition",
                      },
                      ":ssm:us-east-1:623096509435:parameter/valheim/mods/config",
                    ],
                  ],
                },
                {
                  "Fn::Join": [
                    "",
                    [
                      "arn:",
                      {
                        "Ref": "AWS::Partition",
                      },
                      ":ssm:us-east-1:623096509435:parameter/valheim/mods/config/*",
                    ],
                  ],
                },
              ],
            },
            {
              "Action": "ssm:PutParameter",
              "Effect": "Allow",
              "Resource": {
                "Fn::Join": [
                  "",
                  [
                    "arn:",
                    {
                      "Ref": "AWS::Partition",
                    },
                    ":ssm:us-east-1:623096509435:parameter",
                    {
                      "Ref": "ServerPlayersParameter75C5B915",
                    },
                  ],
                ],
              },
            },
          ],
          "Version": "2012-10-17",
        },
        "PolicyName": "ServerRoleDefaultPolicy02C1A355",
        "Roles": [
          {
            "Ref": "ServerRoleB6C85082",
          },
        ],
      },
      "Type": "AWS::IAM::Policy",
    },
    "SettingsComposeParameterFE954861": {
      "Properties": {
        "Description": "docker compose file for the Valheim server",
        "Type": "String",
        "Value": "services:
  valheim:
    image: ghcr.io/community-valheim-tools/valheim-server:1.3.0
    container_name: valheim
    cap_add:
      - sys_nice
    stop_grace_period: 2m
    restart: unless-stopped
    ports:
      - 2456-2457:2456-2457/udp
    env_file:
      - /opt/valheim/.env
    environment:
      SERVER_NAME: valheim-osrs-nerds
      WORLD_NAME: OsrsNerds
      SERVER_PUBLIC: "true"
      SERVER_ARGS: -saveinterval 900
      ADMINLIST_IDS: "76561198097010635"
      PUID: "1000"
      PGID: "1000"
      TZ: America/Toronto
      UPDATE_CRON: 0 * * * *
      UPDATE_IF_IDLE: "true"
      RESTART_CRON: 10 5 * * *
      BACKUPS: "true"
      BACKUPS_CRON: 5 * * * *
      BACKUPS_MAX_COUNT: "48"
      BACKUPS_MAX_AGE: "3"
      POST_SERVER_LISTENING_HOOK: "curl -sfSL -X POST -H 'Content-Type:
        application/json' -d '{\\"content\\":\\"Valheim server is up\\"}'
        \\"$$DISCORD_WEBHOOK\\""
      PRE_SERVER_SHUTDOWN_HOOK: "curl -sfSL -X POST -H 'Content-Type:
        application/json' -d '{\\"content\\":\\"Valheim server is shutting down\\"}'
        \\"$$DISCORD_WEBHOOK\\""
      BEPINEX: "true"
    volumes:
      - /opt/valheim/config:/config
      - /opt/valheim/data:/opt/valheim
",
      },
      "Type": "AWS::SSM::Parameter",
    },
    "SettingsModConfigJuneGameValheimForsakenPowerOverhaulcfgD5AEC8F4": {
      "Properties": {
        "Description": "BepInEx config override JuneGame.Valheim.ForsakenPowerOverhaul.cfg",
        "Name": "/valheim/mods/config/JuneGame.Valheim.ForsakenPowerOverhaul.cfg",
        "Type": "String",
        "Value": "# Vanilla+ preset copied into Custom so one line can change: the Elder's equipped bonus covers pickaxes as well as woodcutting.
[S00 Server: General]
Preset = Custom
PowerActiveDuration = 300
PowerCooldownDuration = 600
[S11 Server: Eikthyr (Passive)]
MaxStamina = 25
EquipmentSpeedModifier = 50
[S12 Server: Eikthyr (Equipped)]
StaminaRegenModifier = 100
MoveSpeedModifier = 10
JumpForceModifier = 50
[S13 Server: Eikthyr (Active)]
EquipmentSpeedModifier = 50
RunStaminaCostModifier = 50
JumpStaminaCostModifier = 50
[S14 Server: Eikthyr (Shared)]
StaminaRegenModifier = 50
[S21 Server: TheElder (Passive)]
MaxHealth = 10
HealthRegen = 1
MaxWeight = 50
[S22 Server: TheElder (Equipped)]
OutgoingDamageTypes = WoodCutting,Pickaxes
OutgoingDamageModifiers = 300,300
[S23 Server: TheElder (Active)]
OutgoingDamageTypes = Axes,Knives,Swords
OutgoingDamageModifiers = 100,100,100
[S24 Server: TheElder (Shared)]
HealthRegenModifier = 50
[S31 Server: Bonemass (Passive)]
MaxHealth = 15
[S32 Server: Bonemass (Equipped)]
HealthRegenModifier = 100
[S33 Server: Bonemass (Active)]
IncomingDamageTypes = Pierce,Slash,Blunt
IncomingDamageModifiers = 50,50,50
[S34 Server: Bonemass (Shared)]
HealthRegenModifier = 50
[S41 Server: Moder (Passive)]
FallDamageModifier = 50
[S42 Server: Moder (Equipped)]
WindSpeedModifier = 100
StatusAttributes = SailingPower
[S43 Server: Moder (Active)]
MaxFallSpeed = 5
FallDamageModifier = 100
[S44 Server: Moder (Shared)]
MoveSpeedModifier = 10
[S51 Server: Yagluth (Passive)]
MaxEitr = 20
[S52 Server: Yagluth (Equipped)]
EitrRegenModifier = 100
[S53 Server: Yagluth (Active)]
OutgoingDamageTypes = ElementalMagic
OutgoingDamageModifiers = 100
IncomingDamageTypes = Lightning,Frost,Fire
IncomingDamageModifiers = 50,50,50
[S54 Server: Yagluth (Shared)]
EitrRegenModifier = 50
[S61 Server: Queen (Passive)]
MaxEitr = 30
MaxWeight = 50
[S62 Server: Queen (Equipped)]
OutgoingDamageTypes = Pickaxes
OutgoingDamageModifiers = 300
[S63 Server: Queen (Active)]
OutgoingDamageTypes = BloodMagic
OutgoingDamageModifiers = 100
[S64 Server: Queen (Shared)]
EitrRegenModifier = 50
[S71 Server: Fader (Passive)]
MaxStamina = 50
MaxWeight = 200
[S72 Server: Fader (Equipped)]
HeatDamageModifier = 60
[S73 Server: Fader (Active)]
HeatDamageModifier = 100
[S74 Server: Fader (Shared)]
MoveSpeedModifier = 10
StaminaRegenModifier = 50
",
      },
      "Type": "AWS::SSM::Parameter",
    },
    "SettingsModConfigdropthatdroptablecfgADA43041": {
      "Properties": {
        "Description": "BepInEx config override drop_that.drop_table.cfg",
        "Name": "/valheim/mods/config/drop_that.drop_table.cfg",
        "Type": "String",
        "Value": "# 2x wood and stone: every wood or stone pick in these natural drop tables yields 2 instead of 1.
# Entries come from Drop That's dump (drop_that.drop_table.prefabs.txt); regenerate it after a game update.
[beech_log_half.0]
AmountMin=2
AmountMax=2
[Beech_small1.0]
AmountMin=2
AmountMax=2
[Beech_small2.0]
AmountMin=2
AmountMax=2
[Beech_Stub.0]
AmountMin=2
AmountMax=2
[Birch_log_half.0]
AmountMin=2
AmountMax=2
[Birch_log_half.1]
AmountMin=2
AmountMax=2
[BirchStub.0]
AmountMin=2
AmountMax=2
[Oak_log_half.0]
AmountMin=2
AmountMax=2
[Oak_log_half.1]
AmountMin=2
AmountMax=2
[OakStub.0]
AmountMin=2
AmountMax=2
[FirTree_log_half.0]
AmountMin=2
AmountMax=2
[FirTree_big_log_half.1]
AmountMin=2
AmountMax=2
[FirTree_Snow_log_half.1]
AmountMin=2
AmountMax=2
[FirTree_Stub.0]
AmountMin=2
AmountMax=2
[FirTree_Snow_Stub.0]
AmountMin=2
AmountMax=2
[FirTree_Big_plantable_Stub.0]
AmountMin=2
AmountMax=2
[FirTree_small.0]
AmountMin=2
AmountMax=2
[FirTree_small_dead.0]
AmountMin=2
AmountMax=2
[FirTree_oldLog.0]
AmountMin=2
AmountMax=2
[PineTree_log_half.0]
AmountMin=2
AmountMax=2
[PineTree_log_half.1]
AmountMin=2
AmountMax=2
[PineTree_Snow_log_half.0]
AmountMin=2
AmountMax=2
[PineTree_Snow_log_XL_half.0]
AmountMin=2
AmountMax=2
[PineTree_Snow_log_half_frost_troll.0]
AmountMin=2
AmountMax=2
[Pinetree_01_Stub.0]
AmountMin=2
AmountMax=2
[AshlandsTreeLogHalf1.1]
AmountMin=2
AmountMax=2
[AshlandsTreeLogHalf2.1]
AmountMin=2
AmountMax=2
[yggashoot_log_half.0]
AmountMin=2
AmountMax=2
[YggaShoot_small1.0]
AmountMin=2
AmountMax=2
[ShootStump.0]
AmountMin=2
AmountMax=2
[SwampTree1_log.0]
AmountMin=2
AmountMax=2
[SwampTree1_Stub.0]
AmountMin=2
AmountMax=2
[stubbe.0]
AmountMin=2
AmountMax=2
[stubbe_spawner.0]
AmountMin=2
AmountMax=2
[BigBranch.0]
AmountMin=2
AmountMax=2
[Greydwarf_Root.0]
AmountMin=2
AmountMax=2
[HugeRoot1.0]
AmountMin=2
AmountMax=2
[root07.0]
AmountMin=2
AmountMax=2
[root08.0]
AmountMin=2
AmountMax=2
[root11.0]
AmountMin=2
AmountMax=2
[root12.0]
AmountMin=2
AmountMax=2
[Rock_3_frac.0]
AmountMin=2
AmountMax=2
[Rock_3_deepnorth_frac.0]
AmountMin=2
AmountMax=2
[Rock_4.0]
AmountMin=2
AmountMax=2
[Rock_4_deepnorth.0]
AmountMin=2
AmountMax=2
[Rock_4_plains.0]
AmountMin=2
AmountMax=2
[Rock_7.0]
AmountMin=2
AmountMax=2
[Rock_7_deepnorth.0]
AmountMin=2
AmountMax=2
[Rock_7_meadows.0]
AmountMin=2
AmountMax=2
[rock4_coast_frac.0]
AmountMin=2
AmountMax=2
[rock4_forest_frac.0]
AmountMin=2
AmountMax=2
[rock4_heath_frac.0]
AmountMin=2
AmountMax=2
[rock4_bigrock_frac.0]
AmountMin=2
AmountMax=2
[rock4_ashlands_frac.0]
AmountMin=2
AmountMax=2
[rock2_heath_frac.0]
AmountMin=2
AmountMax=2
[rock1_mountain_frac.0]
AmountMin=2
AmountMax=2
[rock2_mountain_frac.0]
AmountMin=2
AmountMax=2
[rock3_mountain_frac.0]
AmountMin=2
AmountMax=2
[rock3_mountain_1_frac.0]
AmountMin=2
AmountMax=2
[rock_mistlands1_frac.0]
AmountMin=2
AmountMax=2
[cliff_mistlands1_frac.0]
AmountMin=2
AmountMax=2
[cliff_mistlands1_creep_frac.0]
AmountMin=2
AmountMax=2
[cliff_mistlands2_frac.0]
AmountMin=2
AmountMax=2
[cliff_ashlands1_frac.0]
AmountMin=2
AmountMax=2
[cliff_ashlands2_frac.0]
AmountMin=2
AmountMax=2
[cliff_ashlands4_frac.0]
AmountMin=2
AmountMax=2
[cliff_ashlands6_frac.0]
AmountMin=2
AmountMax=2
[cliff_ashlands7_HalfArch_frac.0]
AmountMin=2
AmountMax=2
[cliff_ashlands_Arch_frac.0]
AmountMin=2
AmountMax=2
[cliff_ashlandsflowrock_frac.0]
AmountMin=2
AmountMax=2
[HeathRockPillar_frac.0]
AmountMin=2
AmountMax=2
[RockFinger_frac.0]
AmountMin=2
AmountMax=2
[RockFingerBroken_frac.0]
AmountMin=2
AmountMax=2
[RockThumb_frac.0]
AmountMin=2
AmountMax=2
[highstone_frac.0]
AmountMin=2
AmountMax=2
[highstone_2_frac.0]
AmountMin=2
AmountMax=2
[widestone_frac.0]
AmountMin=2
AmountMax=2
[widestone_2_frac.0]
AmountMin=2
AmountMax=2
[MineRock_Stone.0]
AmountMin=2
AmountMax=2
[rock4_copper_frac.0]
AmountMin=2
AmountMax=2
[rock3_silver_frac.0]
AmountMin=2
AmountMax=2
[silvervein_frac.0]
AmountMin=2
AmountMax=2
[MineRock_Copper.1]
AmountMin=2
AmountMax=2
[MineRock_Iron.1]
AmountMin=2
AmountMax=2
",
      },
      "Type": "AWS::SSM::Parameter",
    },
    "SettingsModConfigxtav1mBetterConsumablescfg0322DF3D": {
      "Properties": {
        "Description": "BepInEx config override xtav1m.BetterConsumables.cfg",
        "Name": "/valheim/mods/config/xtav1m.BetterConsumables.cfg",
        "Type": "String",
        "Value": "[Food]
Food Duration Multiplier = 3
",
      },
      "Type": "AWS::SSM::Parameter",
    },
    "SettingsModsParameter9E87135C": {
      "Properties": {
        "Description": "Thunderstore packages the Valheim server installs at every start",
        "Name": "/valheim/mods/packages",
        "Type": "String",
        "Value": "[{"namespace":"ValheimModding","name":"Jotunn","version":"2.30.2"},{"namespace":"MidnightMods","name":"NetworkPerformanceSystem","version":"1.9.0"},{"namespace":"MidnightMods","name":"ValheimCommunityPatch","version":"0.29.0"},{"namespace":"momos3939","name":"ForsakenPowerOverhaul","version":"2.2.0"},{"namespace":"xtavim","name":"BetterConsumables","version":"1.1.0"},{"namespace":"sighsorry","name":"InventorySlots","version":"1.5.13"},{"namespace":"ASharpPen","name":"Drop_That","version":"3.1.6"},{"namespace":"Hex_Viking","name":"NowYouSleep","version":"1.0.3","serverOnly":true}]",
      },
      "Type": "AWS::SSM::Parameter",
    },
    "SettingsProfileCodeParameterDCB88C9F": {
      "Properties": {
        "Description": "r2modman profile code shown on the panel, written by npm run share-profile",
        "Name": "/valheim/panel/profile-code",
        "Type": "String",
        "Value": "none",
      },
      "Type": "AWS::SSM::Parameter",
    },
    "SettingsSecretF2BF6B26": {
      "DeletionPolicy": "Delete",
      "Properties": {
        "Description": "Valheim server password and optional Discord webhook",
        "GenerateSecretString": {
          "ExcludePunctuation": true,
          "GenerateStringKey": "password",
          "IncludeSpace": false,
          "PasswordLength": 12,
          "SecretStringTemplate": "{"discordWebhook":""}",
        },
      },
      "Type": "AWS::SecretsManager::Secret",
      "UpdateReplacePolicy": "Delete",
    },
  },
  "Rules": {
    "CheckBootstrapVersion": {
      "Assertions": [
        {
          "Assert": {
            "Fn::Not": [
              {
                "Fn::Contains": [
                  [
                    "1",
                    "2",
                    "3",
                    "4",
                    "5",
                  ],
                  {
                    "Ref": "BootstrapVersion",
                  },
                ],
              },
            ],
          },
          "AssertDescription": "CDK bootstrap stack version 6 required. Please run 'cdk bootstrap' with a recent version of the CDK CLI.",
        },
      ],
    },
  },
}
`;
